<html>
<body>
<pre>
<h1>µVision Build Log</h1>
<h2>Tool Versions:</h2>
IDE-Version: ¦ÌVision V5.27.1.0
Copyright (C) 2019 ARM Ltd and ARM Germany GmbH. All rights reserved.
License Information: zhou zhou, zhou, LIC=AK1EV-PQHML-HR0XN-YMHGT-GE9BM-5YH9Y
 
Tool Versions:
Toolchain:       MDK-ARM Professional  Version: 5.27.1.0
Toolchain Path:  D:\bin\Keil_v5\ARM\ARMCC\Bin
C Compiler:      Armcc.exe V5.06 update 6 (build 750)
Assembler:       Armasm.exe V5.06 update 6 (build 750)
Linker/Locator:  ArmLink.exe V5.06 update 6 (build 750)
Library Manager: ArmAr.exe V5.06 update 6 (build 750)
Hex Converter:   FromElf.exe V5.06 update 6 (build 750)
CPU DLL:         SARMCM3.DLL V5.27.1.0
Dialog DLL:      DARMCM1.DLL V1.19.2.0
Target DLL:      CMSIS_AGDI.dll V1.31.17.0
Dialog DLL:      TARMCM1.DLL V1.14.1.0
 
<h2>Project:</h2>
F:\work\work_other\arm_for_zynq\keil_arm_soc\arm_soc.uvprojx
Project File Date:  06/12/2019

<h2>Output:</h2>
*** Using Compiler 'V5.06 update 6 (build 750)', folder: 'D:\bin\Keil_v5\ARM\ARMCC\Bin'
Rebuild target 'Target 1'
assembling cm0dsasm.s...
compiling main.c...
compiling sysinit.c...
compiling command.c...
compiling uart.c...
linking...
Program Size: Code=556 RO-data=144 RW-data=0 ZI-data=3888  
FromELF: creating hex file...
After Build - User command #1: fromelf -cvf .\objects\arm_soc.axf --vhx --32x1 -o arm_soc.hex
After Build - User command #2: fromelf -cvf  .\objects\arm_soc.axf -o disasm.txt
".\Objects\arm_soc.axf" - 0 Error(s), 0 Warning(s).

<h2>Software Packages used:</h2>

Package Vendor: ARM
                http://www.keil.com/pack/ARM.CMSIS.5.5.1.pack
                ARM.CMSIS.5.5.1
                CMSIS (Cortex Microcontroller Software Interface Standard)

<h2>Collection of Component include folders:</h2>
  .\RTE\_Target_1
  D:\bin\Keil_v5\Packs\ARM\CMSIS\5.5.1\Device\ARM\ARMCM0\Include

<h2>Collection of Component Files used:</h2>
Build Time Elapsed:  00:00:01
</pre>
</body>
</html>
